Archive member included to satisfy reference by file (symbol)

/opt/st/stm32cubeide_1.15.0/plugins/com.st.stm32cube.ide.mcu.externaltools.gnu-tools-for-stm32.12.3.rel1.linux64_1.0.100.202403111256/tools/bin/../lib/gcc/arm-none-eabi/12.3.1/../../../../arm-none-eabi/lib/thumb/v7e-m+fp/hard/libc_nano.a(libc_a-exit.o)
                              /opt/st/stm32cubeide_1.15.0/plugins/com.st.stm32cube.ide.mcu.externaltools.gnu-tools-for-stm32.12.3.rel1.linux64_1.0.100.202403111256/tools/bin/../lib/gcc/arm-none-eabi/12.3.1/../../../../arm-none-eabi/lib/thumb/v7e-m+fp/hard/crt0.o (exit)
/opt/st/stm32cubeide_1.15.0/plugins/com.st.stm32cube.ide.mcu.externaltools.gnu-tools-for-stm32.12.3.rel1.linux64_1.0.100.202403111256/tools/bin/../lib/gcc/arm-none-eabi/12.3.1/../../../../arm-none-eabi/lib/thumb/v7e-m+fp/hard/libc_nano.a(libc_a-itoa.o)
                              ./Src/main.o (itoa)
/opt/st/stm32cubeide_1.15.0/plugins/com.st.stm32cube.ide.mcu.externaltools.gnu-tools-for-stm32.12.3.rel1.linux64_1.0.100.202403111256/tools/bin/../lib/gcc/arm-none-eabi/12.3.1/../../../../arm-none-eabi/lib/thumb/v7e-m+fp/hard/libc_nano.a(libc_a-utoa.o)
                              /opt/st/stm32cubeide_1.15.0/plugins/com.st.stm32cube.ide.mcu.externaltools.gnu-tools-for-stm32.12.3.rel1.linux64_1.0.100.202403111256/tools/bin/../lib/gcc/arm-none-eabi/12.3.1/../../../../arm-none-eabi/lib/thumb/v7e-m+fp/hard/libc_nano.a(libc_a-itoa.o) (__utoa)
/opt/st/stm32cubeide_1.15.0/plugins/com.st.stm32cube.ide.mcu.externaltools.gnu-tools-for-stm32.12.3.rel1.linux64_1.0.100.202403111256/tools/bin/../lib/gcc/arm-none-eabi/12.3.1/../../../../arm-none-eabi/lib/thumb/v7e-m+fp/hard/libc_nano.a(libc_a-findfp.o)
                              /opt/st/stm32cubeide_1.15.0/plugins/com.st.stm32cube.ide.mcu.externaltools.gnu-tools-for-stm32.12.3.rel1.linux64_1.0.100.202403111256/tools/bin/../lib/gcc/arm-none-eabi/12.3.1/../../../../arm-none-eabi/lib/thumb/v7e-m+fp/hard/libc_nano.a(libc_a-exit.o) (__stdio_exit_handler)
/opt/st/stm32cubeide_1.15.0/plugins/com.st.stm32cube.ide.mcu.externaltools.gnu-tools-for-stm32.12.3.rel1.linux64_1.0.100.202403111256/tools/bin/../lib/gcc/arm-none-eabi/12.3.1/../../../../arm-none-eabi/lib/thumb/v7e-m+fp/hard/libc_nano.a(libc_a-fwalk.o)
                              /opt/st/stm32cubeide_1.15.0/plugins/com.st.stm32cube.ide.mcu.externaltools.gnu-tools-for-stm32.12.3.rel1.linux64_1.0.100.202403111256/tools/bin/../lib/gcc/arm-none-eabi/12.3.1/../../../../arm-none-eabi/lib/thumb/v7e-m+fp/hard/libc_nano.a(libc_a-findfp.o) (_fwalk_sglue)
/opt/st/stm32cubeide_1.15.0/plugins/com.st.stm32cube.ide.mcu.externaltools.gnu-tools-for-stm32.12.3.rel1.linux64_1.0.100.202403111256/tools/bin/../lib/gcc/arm-none-eabi/12.3.1/../../../../arm-none-eabi/lib/thumb/v7e-m+fp/hard/libc_nano.a(libc_a-stdio.o)
                              /opt/st/stm32cubeide_1.15.0/plugins/com.st.stm32cube.ide.mcu.externaltools.gnu-tools-for-stm32.12.3.rel1.linux64_1.0.100.202403111256/tools/bin/../lib/gcc/arm-none-eabi/12.3.1/../../../../arm-none-eabi/lib/thumb/v7e-m+fp/hard/libc_nano.a(libc_a-findfp.o) (__sread)
/opt/st/stm32cubeide_1.15.0/plugins/com.st.stm32cube.ide.mcu.externaltools.gnu-tools-for-stm32.12.3.rel1.linux64_1.0.100.202403111256/tools/bin/../lib/gcc/arm-none-eabi/12.3.1/../../../../arm-none-eabi/lib/thumb/v7e-m+fp/hard/libc_nano.a(libc_a-memset.o)
                              /opt/st/stm32cubeide_1.15.0/plugins/com.st.stm32cube.ide.mcu.externaltools.gnu-tools-for-stm32.12.3.rel1.linux64_1.0.100.202403111256/tools/bin/../lib/gcc/arm-none-eabi/12.3.1/../../../../arm-none-eabi/lib/thumb/v7e-m+fp/hard/crt0.o (memset)
/opt/st/stm32cubeide_1.15.0/plugins/com.st.stm32cube.ide.mcu.externaltools.gnu-tools-for-stm32.12.3.rel1.linux64_1.0.100.202403111256/tools/bin/../lib/gcc/arm-none-eabi/12.3.1/../../../../arm-none-eabi/lib/thumb/v7e-m+fp/hard/libc_nano.a(libc_a-closer.o)
                              /opt/st/stm32cubeide_1.15.0/plugins/com.st.stm32cube.ide.mcu.externaltools.gnu-tools-for-stm32.12.3.rel1.linux64_1.0.100.202403111256/tools/bin/../lib/gcc/arm-none-eabi/12.3.1/../../../../arm-none-eabi/lib/thumb/v7e-m+fp/hard/libc_nano.a(libc_a-stdio.o) (_close_r)
/opt/st/stm32cubeide_1.15.0/plugins/com.st.stm32cube.ide.mcu.externaltools.gnu-tools-for-stm32.12.3.rel1.linux64_1.0.100.202403111256/tools/bin/../lib/gcc/arm-none-eabi/12.3.1/../../../../arm-none-eabi/lib/thumb/v7e-m+fp/hard/libc_nano.a(libc_a-reent.o)
                              /opt/st/stm32cubeide_1.15.0/plugins/com.st.stm32cube.ide.mcu.externaltools.gnu-tools-for-stm32.12.3.rel1.linux64_1.0.100.202403111256/tools/bin/../lib/gcc/arm-none-eabi/12.3.1/../../../../arm-none-eabi/lib/thumb/v7e-m+fp/hard/libc_nano.a(libc_a-closer.o) (errno)
/opt/st/stm32cubeide_1.15.0/plugins/com.st.stm32cube.ide.mcu.externaltools.gnu-tools-for-stm32.12.3.rel1.linux64_1.0.100.202403111256/tools/bin/../lib/gcc/arm-none-eabi/12.3.1/../../../../arm-none-eabi/lib/thumb/v7e-m+fp/hard/libc_nano.a(libc_a-impure.o)
[...]
Memory Configuration

Name             Origin             Length             Attributes
CCMRAM           0x10000000         0x00010000         xrw
RAM              0x20000000         0x00020000         xrw
FLASH            0x08000000         0x00100000         xr
*default*        0x00000000         0xffffffff

Linker script and memory map

LOAD /opt/st/stm32cubeide_1.15.0/plugins/com.st.stm32cube.ide.mcu.externaltools.gnu-tools-for-stm32.12.3.rel1.linux64_1.0.100.202403111256/tools/bin/../lib/gcc/arm-none-eabi/12.3.1/thumb/v7e-m+fp/hard/crti.o
LOAD /opt/st/stm32cubeide_1.15.0/plugins/com.st.stm32cube.ide.mcu.externaltools.gnu-tools-for-stm32.12.3.rel1.linux64_1.0.100.202403111256/tools/bin/../lib/gcc/arm-none-eabi/12.3.1/thumb/v7e-m+fp/hard/crtbegin.o
LOAD /opt/st/stm32cubeide_1.15.0/plugins/com.st.stm32cube.ide.mcu.externaltools.gnu-tools-for-stm32.12.3.rel1.linux64_1.0.100.202403111256/tools/bin/../lib/gcc/arm-none-eabi/12.3.1/../../../../arm-none-eabi/lib/thumb/v7e-m+fp/hard/crt0.o
LOAD ./Src/itm.o
LOAD ./Src/lcd.o
LOAD ./Src/led.o
LOAD ./Src/main.o
LOAD ./Src/switch.o
LOAD ./Src/syscalls.o
LOAD ./Src/sysmem.o
LOAD ./Src/system_stm32f4xx.o
LOAD ./Startup/startup_stm32f407vgtx.o
START GROUP
LOAD /opt/st/stm32cubeide_1.15.0/plugins/com.st.stm32cube.ide.mcu.externaltools.gnu-tools-for-stm32.12.3.rel1.linux64_1.0.100.202403111256/tools/bin/../lib/gcc/arm-none-eabi/12.3.1/../../../../arm-none-eabi/lib/thumb/v7e-m+fp/hard/libc_nano.a
LOAD /opt/st/stm32cubeide_1.15.0/plugins/com.st.stm32cube.ide.mcu.externaltools.gnu-tools-for-stm32.12.3.rel1.linux64_1.0.100.202403111256/tools/bin/../lib/gcc/arm-none-eabi/12.3.1/../../../../arm-none-eabi/lib/thumb/v7e-m+fp/hard/libm.a
END GROUP
START GROUP
LOAD /opt/st/stm32cubeide_1.15.0/plugins/com.st.stm32cube.ide.mcu.externaltools.gnu-tools-for-stm32.12.3.rel1.linux64_1.0.100.202403111256/tools/bin/../lib/gcc/arm-none-eabi/12.3.1/thumb/v7e-m+fp/hard/libgcc.a
LOAD /opt/st/stm32cubeide_1.15.0/plugins/com.st.stm32cube.ide.mcu.externaltools.gnu-tools-for-stm32.12.3.rel1.linux64_1.0.100.202403111256/tools/bin/../lib/gcc/arm-none-eabi/12.3.1/../../../../arm-none-eabi/lib/thumb/v7e-m+fp/hard/libc_nano.a
END GROUP
START GROUP
LOAD /opt/st/stm32cubeide_1.15.0/plugins/com.st.stm32cube.ide.mcu.externaltools.gnu-tools-for-stm32.12.3.rel1.linux64_1.0.100.202403111256/tools/bin/../lib/gcc/arm-none-eabi/12.3.1/thumb/v7e-m+fp/hard/libgcc.a
LOAD /opt/st/stm32cubeide_1.15.0/plugins/com.st.stm32cube.ide.mcu.externaltools.gnu-tools-for-stm32.12.3.rel1.linux64_1.0.100.202403111256/tools/bin/../lib/gcc/arm-none-eabi/12.3.1/../../../../arm-none-eabi/lib/thumb/v7e-m+fp/hard/libc_nano.a
LOAD /opt/st/stm32cubeide_1.15.0/plugins/com.st.stm32cube.ide.mcu.externaltools.gnu-tools-for-stm32.12.3.rel1.linux64_1.0.100.202403111256/tools/bin/../lib/gcc/arm-none-eabi/12.3.1/../../../../arm-none-eabi/lib/thumb/v7e-m+fp/hard/libnosys.a
END GROUP
START GROUP
LOAD /opt/st/stm32cubeide_1.15.0/plugins/com.st.stm32cube.ide.mcu.externaltools.gnu-tools-for-stm32.12.3.rel1.linux64_1.0.100.202403111256/tools/bin/../lib/gcc/arm-none-eabi/12.3.1/thumb/v7e-m+fp/hard/libgcc.a
LOAD /opt/st/stm32cubeide_1.15.0/plugins/com.st.stm32cube.ide.mcu.externaltools.gnu-tools-for-stm32.12.3.rel1.linux64_1.0.100.202403111256/tools/bin/../lib/gcc/arm-none-eabi/12.3.1/../../../../arm-none-eabi/lib/thumb/v7e-m+fp/hard/libc_nano.a
LOAD /opt/st/stm32cubeide_1.15.0/plugins/com.st.stm32cube.ide.mcu.externaltools.gnu-tools-for-stm32.12.3.rel1.linux64_1.0.100.202403111256/tools/bin/../lib/gcc/arm-none-eabi/12.3.1/../../../../arm-none-eabi/lib/thumb/v7e-m+fp/hard/libnosys.a
END GROUP
LOAD /opt/st/stm32cubeide_1.15.0/plugins/com.st.stm32cube.ide.mcu.externaltools.gnu-tools-for-stm32.12.3.rel1.linux64_1.0.100.202403111256/tools/bin/../lib/gcc/arm-none-eabi/12.3.1/thumb/v7e-m+fp/hard/crtend.o
LOAD /opt/st/stm32cubeide_1.15.0/plugins/com.st.stm32cube.ide.mcu.externaltools.gnu-tools-for-stm32.12.3.rel1.linux64_1.0.100.202403111256/tools/bin/../lib/gcc/arm-none-eabi/12.3.1/thumb/v7e-m+fp/hard/crtn.o
                0x20020000                        _estack = (ORIGIN (RAM) + LENGTH (RAM))
                0x00000200                        _Min_Heap_Size = 0x200
                0x00000400                        _Min_Stack_Size = 0x400

.isr_vector     0x08000000      0x188
                0x08000000                        . = ALIGN (0x4)
 *(.isr_vector)
 .isr_vector    0x08000000      0x188 ./Startup/startup_stm32f407vgtx.o
                0x08000000                g_pfnVectors
                0x08000188                        . = ALIGN (0x4)

.text           0x08000188      0x7e0
                0x08000188                        . = ALIGN (0x4)
 *(.text)
 .text          0x08000188       0x40 /opt/st/stm32cubeide_1.15.0/plugins/com.st.stm32cube.ide.mcu.externaltools.gnu-tools-for-stm32.12.3.rel1.linux64_1.0.100.202403111256/tools/bin/../lib/gcc/arm-none-eabi/12.3.1/thumb/v7e-m+fp/hard/crtbegin.o
 *(.text*)
 .text.DelayMs  0x080001c8       0x50 ./Src/lcd.o
 .text.LcdBusyWait
                0x08000218       0x50 ./Src/lcd.o
                0x08000218                LcdBusyWait
 .text.LcdWriteNibble
                0x08000268       0x64 ./Src/lcd.o
                0x08000268                LcdWriteNibble
 .text.LcdWrite
                0x080002cc       0x48 ./Src/lcd.o
                0x080002cc                LcdWrite
 .text.LcdInit  0x08000314       0xe4 ./Src/lcd.o
                0x08000314                LcdInit
 .text.LcdPuts  0x080003f8       0x48 ./Src/lcd.o
                0x080003f8                LcdPuts
 .text.DelayMs  0x08000440       0x50 ./Src/led.o
 .text.LedInit  0x08000490       0xb8 ./Src/led.o
                0x08000490                LedInit
 .text.LedOn    0x08000548       0x2c ./Src/led.o
                0x08000548                LedOn
 .text.LedOff   0x08000574       0x30 ./Src/led.o
                0x08000574                LedOff
 .text.LedBlink
                0x080005a4       0x24 ./Src/led.o
                0x080005a4                LedBlink
 .text.main     0x080005c8       0xa0 ./Src/main.o
                0x080005c8                main
 .text.__NVIC_EnableIRQ
                0x08000668       0x3c ./Src/switch.o
 .text.SwitchInit
                0x080006a4       0xc4 ./Src/switch.o
                0x080006a4                SwitchInit
 .text.EXTI0_IRQHandler
                0x08000768       0x28 ./Src/switch.o
                0x08000768                EXTI0_IRQHandler
 .text.SystemInit
                0x08000790        0xc ./Src/system_stm32f4xx.o
                0x08000790                SystemInit
 .text.DWT_Init
                0x0800079c       0x60 ./Src/system_stm32f4xx.o
                0x0800079c                DWT_Init
 .text.Reset_Handler
                0x080007fc       0x50 ./Startup/startup_stm32f407vgtx.o
                0x080007fc                Reset_Handler
 .text.Default_Handler
                0x0800084c        0x2 ./Startup/startup_stm32f407vgtx.o
                0x0800084c                RTC_Alarm_IRQHandler
                0x0800084c                HASH_RNG_IRQHandler
                0x0800084c                EXTI2_IRQHandler
                0x0800084c                TIM8_CC_IRQHandler
                0x0800084c                DebugMon_Handler
                0x0800084c                TIM1_CC_IRQHandler
                0x0800084c                DMA2_Stream5_IRQHandler
                0x0800084c                HardFault_Handler
                0x0800084c                DMA1_Stream5_IRQHandler
                0x0800084c                SysTick_Handler
                0x0800084c                PVD_IRQHandler
                0x0800084c                SDIO_IRQHandler
                0x0800084c                TAMP_STAMP_IRQHandler
                0x0800084c                PendSV_Handler
                0x0800084c                NMI_Handler
                0x0800084c                CAN2_RX1_IRQHandler
                0x0800084c                EXTI3_IRQHandler
                0x0800084c                TIM8_TRG_COM_TIM14_IRQHandler
                0x0800084c                TIM1_UP_TIM10_IRQHandler
                0x0800084c                TIM8_UP_TIM13_IRQHandler
                0x0800084c                I2C3_ER_IRQHandler
                0x0800084c                I2C2_EV_IRQHandler
                0x0800084c                DMA1_Stream2_IRQHandler
                0x0800084c                CAN1_RX0_IRQHandler
                0x0800084c                FPU_IRQHandler
                0x0800084c                OTG_HS_WKUP_IRQHandler
                0x0800084c                UsageFault_Handler
                0x0800084c                CAN2_SCE_IRQHandler
                0x0800084c                DMA2_Stream2_IRQHandler
                0x0800084c                SPI1_IRQHandler
                0x0800084c                TIM6_DAC_IRQHandler
                0x0800084c                TIM1_BRK_TIM9_IRQHandler
                0x0800084c                DCMI_IRQHandler
                0x0800084c                CAN2_RX0_IRQHandler
                0x0800084c                DMA2_Stream3_IRQHandler
                0x0800084c                USART6_IRQHandler
                0x0800084c                USART3_IRQHandler
                0x0800084c                CRYP_IRQHandler
                0x0800084c                CAN1_RX1_IRQHandler
                0x0800084c                UART5_IRQHandler
                0x0800084c                DMA2_Stream0_IRQHandler
                0x0800084c                TIM4_IRQHandler
                0x0800084c                I2C1_EV_IRQHandler
                0x0800084c                DMA1_Stream6_IRQHandler
                0x0800084c                DMA1_Stream1_IRQHandler
                0x0800084c                UART4_IRQHandler
                0x0800084c                TIM3_IRQHandler
                0x0800084c                RCC_IRQHandler
                0x0800084c                TIM8_BRK_TIM12_IRQHandler
                0x0800084c                Default_Handler
                0x0800084c                EXTI15_10_IRQHandler
                0x0800084c                ADC_IRQHandler
                0x0800084c                DMA1_Stream7_IRQHandler
                0x0800084c                TIM7_IRQHandler
                0x0800084c                CAN2_TX_IRQHandler
                0x0800084c                TIM5_IRQHandler
                0x0800084c                DMA2_Stream7_IRQHandler
                0x0800084c                I2C3_EV_IRQHandler
                0x0800084c                EXTI9_5_IRQHandler
                0x0800084c                RTC_WKUP_IRQHandler
                0x0800084c                ETH_WKUP_IRQHandler
                0x0800084c                SPI2_IRQHandler
                0x0800084c                OTG_HS_EP1_IN_IRQHandler
                0x0800084c                MemManage_Handler
                0x0800084c                DMA1_Stream0_IRQHandler
                0x0800084c                CAN1_TX_IRQHandler
                0x0800084c                SVC_Handler
                0x0800084c                EXTI4_IRQHandler
                0x0800084c                FSMC_IRQHandler
                0x0800084c                ETH_IRQHandler
                0x0800084c                OTG_HS_EP1_OUT_IRQHandler
                0x0800084c                WWDG_IRQHandler
                0x0800084c                TIM2_IRQHandler
                0x0800084c                OTG_FS_WKUP_IRQHandler
                0x0800084c                TIM1_TRG_COM_TIM11_IRQHandler
                0x0800084c                OTG_HS_IRQHandler
                0x0800084c                EXTI1_IRQHandler
                0x0800084c                USART2_IRQHandler
                0x0800084c                I2C2_ER_IRQHandler
                0x0800084c                DMA2_Stream1_IRQHandler
                0x0800084c                CAN1_SCE_IRQHandler
                0x0800084c                DMA2_Stream4_IRQHandler
                0x0800084c                BusFault_Handler
                0x0800084c                USART1_IRQHandler
                0x0800084c                OTG_FS_IRQHandler
                0x0800084c                SPI3_IRQHandler
                0x0800084c                DMA1_Stream4_IRQHandler
                0x0800084c                I2C1_ER_IRQHandler
                0x0800084c                DMA2_Stream6_IRQHandler
                0x0800084c                DMA1_Stream3_IRQHandler
 .text.__itoa   0x0800084e       0x30 /opt/st/stm32cubeide_1.15.0/plugins/com.st.stm32cube.ide.mcu.externaltools.gnu-tools-for-stm32.12.3.rel1.linux64_1.0.100.202403111256/tools/bin/../lib/gcc/arm-none-eabi/12.3.1/../../../../arm-none-eabi/lib/thumb/v7e-m+fp/hard/libc_nano.a(libc_a-itoa.o)
                0x0800084e                __itoa
 .text.itoa     0x0800087e        0x4 /opt/st/stm32cubeide_1.15.0/plugins/com.st.stm32cube.ide.mcu.externaltools.gnu-tools-for-stm32.12.3.rel1.linux64_1.0.100.202403111256/tools/bin/../lib/gcc/arm-none-eabi/12.3.1/../../../../arm-none-eabi/lib/thumb/v7e-m+fp/hard/libc_nano.a(libc_a-itoa.o)
                0x0800087e                itoa
 *fill*         0x08000882        0x2 
 .text.__utoa   0x08000884       0x84 /opt/st/stm32cubeide_1.15.0/plugins/com.st.stm32cube.ide.mcu.externaltools.gnu-tools-for-stm32.12.3.rel1.linux64_1.0.100.202403111256/tools/bin/../lib/gcc/arm-none-eabi/12.3.1/../../../../arm-none-eabi/lib/thumb/v7e-m+fp/hard/libc_nano.a(libc_a-utoa.o)
                0x08000884                __utoa
 .text.__libc_init_array
                0x08000908       0x48 /opt/st/stm32cubeide_1.15.0/plugins/com.st.stm32cube.ide.mcu.externaltools.gnu-tools-for-stm32.12.3.rel1.linux64_1.0.100.202403111256/tools/bin/../lib/gcc/arm-none-eabi/12.3.1/../../../../arm-none-eabi/lib/thumb/v7e-m+fp/hard/libc_nano.a(libc_a-init.o)
                0x08000908                __libc_init_array
 *(.glue_7)
 .glue_7        0x08000950        0x0 linker stubs
 *(.glue_7t)
 .glue_7t       0x08000950        0x0 linker stubs
 *(.eh_frame)
 .eh_frame      0x08000950        0x0 /opt/st/stm32cubeide_1.15.0/plugins/com.st.stm32cube.ide.mcu.externaltools.gnu-tools-for-stm32.12.3.rel1.linux64_1.0.100.202403111256/tools/bin/../lib/gcc/arm-none-eabi/12.3.1/thumb/v7e-m+fp/hard/crtbegin.o
 *(.init)
 .init          0x08000950        0x4 /opt/st/stm32cubeide_1.15.0/plugins/com.st.stm32cube.ide.mcu.externaltools.gnu-tools-for-stm32.12.3.rel1.linux64_1.0.100.202403111256/tools/bin/../lib/gcc/arm-none-eabi/12.3.1/thumb/v7e-m+fp/hard/crti.o
                0x08000950                _init
 .init          0x08000954        0x8 /opt/st/stm32cubeide_1.15.0/plugins/com.st.stm32cube.ide.mcu.externaltools.gnu-tools-for-stm32.12.3.rel1.linux64_1.0.100.202403111256/tools/bin/../lib/gcc/arm-none-eabi/12.3.1/thumb/v7e-m+fp/hard/crtn.o
 *(.fini)
 .fini          0x0800095c        0x4 /opt/st/stm32cubeide_1.15.0/plugins/com.st.stm32cube.ide.mcu.externaltools.gnu-tools-for-stm32.12.3.rel1.linux64_1.0.100.202403111256/tools/bin/../lib/gcc/arm-none-eabi/12.3.1/thumb/v7e-m+fp/hard/crti.o
                0x0800095c                _fini
 .fini          0x08000960        0x8 /opt/st/stm32cubeide_1.15.0/plugins/com.st.stm32cube.ide.mcu.externaltools.gnu-tools-for-stm32.12.3.rel1.linux64_1.0.100.202403111256/tools/bin/../lib/gcc/arm-none-eabi/12.3.1/thumb/v7e-m+fp/hard/crtn.o
                0x08000968                        . = ALIGN (0x4)
                0x08000968                        _etext = .

.vfp11_veneer   0x08000968        0x0
 .vfp11_veneer  0x08000968        0x0 linker stubs

.v4_bx          0x08000968        0x0
 .v4_bx         0x08000968        0x0 linker stubs

.iplt           0x08000968        0x0
 .iplt          0x08000968        0x0 /opt/st/stm32cubeide_1.15.0/plugins/com.st.stm32cube.ide.mcu.externaltools.gnu-tools-for-stm32.12.3.rel1.linux64_1.0.100.202403111256/tools/bin/../lib/gcc/arm-none-eabi/12.3.1/thumb/v7e-m+fp/hard/crtbegin.o

.rodata         0x08000968       0x28
                0x08000968                        . = ALIGN (0x4)
 *(.rodata)
 *(.rodata*)
 .rodata.__utoa.str1.1
                0x08000968       0x25 /opt/st/stm32cubeide_1.15.0/plugins/com.st.stm32cube.ide.mcu.externaltools.gnu-tools-for-stm32.12.3.rel1.linux64_1.0.100.202403111256/tools/bin/../lib/gcc/arm-none-eabi/12.3.1/../../../../arm-none-eabi/lib/thumb/v7e-m+fp/hard/libc_nano.a(libc_a-utoa.o)
                0x08000990                        . = ALIGN (0x4)
 *fill*         0x0800098d        0x3 

.ARM.extab      0x08000990        0x0
                0x08000990                        . = ALIGN (0x4)
 *(.ARM.extab* .gnu.linkonce.armextab.*)
                0x08000990                        . = ALIGN (0x4)

.ARM            0x08000990        0x0
                0x08000990                        . = ALIGN (0x4)
                0x08000990                        __exidx_start = .
 *(.ARM.exidx*)
                0x08000990                        __exidx_end = .
                0x08000990                        . = ALIGN (0x4)

.preinit_array  0x08000990        0x0
                0x08000990                        . = ALIGN (0x4)
                0x08000990                        PROVIDE (__preinit_array_start = .)
 *(.preinit_array*)
                0x08000990                        PROVIDE (__preinit_array_end = .)
                0x08000990                        . = ALIGN (0x4)

.init_array     0x08000990        0x4
                0x08000990                        . = ALIGN (0x4)
                0x08000990                        PROVIDE (__init_array_start = .)
 *(SORT_BY_NAME(.init_array.*))
 *(.init_array*)
 .init_array    0x08000990        0x4 /opt/st/stm32cubeide_1.15.0/plugins/com.st.stm32cube.ide.mcu.externaltools.gnu-tools-for-stm32.12.3.rel1.linux64_1.0.100.202403111256/tools/bin/../lib/gcc/arm-none-eabi/12.3.1/thumb/v7e-m+fp/hard/crtbegin.o
                0x08000994                        PROVIDE (__init_array_end = .)
                0x08000994                        . = ALIGN (0x4)

.fini_array     0x08000994        0x4
                0x08000994                        . = ALIGN (0x4)
                [!provide]                        PROVIDE (__fini_array_start = .)
 *(SORT_BY_NAME(.fini_array.*))
 *(.fini_array*)
 .fini_array    0x08000994        0x4 /opt/st/stm32cubeide_1.15.0/plugins/com.st.stm32cube.ide.mcu.externaltools.gnu-tools-for-stm32.12.3.rel1.linux64_1.0.100.202403111256/tools/bin/../lib/gcc/arm-none-eabi/12.3.1/thumb/v7e-m+fp/hard/crtbegin.o
                [!provide]                        PROVIDE (__fini_array_end = .)
                0x08000998                        . = ALIGN (0x4)
                0x08000998                        _sidata = LOADADDR (.data)

.rel.dyn        0x08000998        0x0
 .rel.iplt      0x08000998        0x0 /opt/st/stm32cubeide_1.15.0/plugins/com.st.stm32cube.ide.mcu.externaltools.gnu-tools-for-stm32.12.3.rel1.linux64_1.0.100.202403111256/tools/bin/../lib/gcc/arm-none-eabi/12.3.1/thumb/v7e-m+fp/hard/crtbegin.o

.data           0x20000000        0x4 load address 0x08000998
                0x20000000                        . = ALIGN (0x4)
                0x20000000                        _sdata = .
 *(.data)
 *(.data*)
 .data.SystemCoreClock
                0x20000000        0x4 ./Src/system_stm32f4xx.o
                0x20000000                SystemCoreClock
 *(.RamFunc)
 *(.RamFunc*)
                0x20000004                        . = ALIGN (0x4)
                0x20000004                        _edata = .
                0x0800099c                        _siccmram = LOADADDR (.ccmram)

.igot.plt       0x20000004        0x0 load address 0x0800099c
 .igot.plt      0x20000004        0x0 /opt/st/stm32cubeide_1.15.0/plugins/com.st.stm32cube.ide.mcu.externaltools.gnu-tools-for-stm32.12.3.rel1.linux64_1.0.100.202403111256/tools/bin/../lib/gcc/arm-none-eabi/12.3.1/thumb/v7e-m+fp/hard/crtbegin.o

.ccmram         0x10000000        0x0 load address 0x0800099c
                0x10000000                        . = ALIGN (0x4)
                0x10000000                        _sccmram = .
 *(.ccmram)
 *(.ccmram*)
                0x10000000                        . = ALIGN (0x4)
                0x10000000                        _eccmram = .
                0x10000000                        . = ALIGN (0x4)

.bss            0x20000004       0x3c
                0x20000004                        _sbss = .
                0x20000004                        __bss_start__ = _sbss
 *(.bss)
 .bss           0x20000004       0x1c /opt/st/stm32cubeide_1.15.0/plugins/com.st.stm32cube.ide.mcu.externaltools.gnu-tools-for-stm32.12.3.rel1.linux64_1.0.100.202403111256/tools/bin/../lib/gcc/arm-none-eabi/12.3.1/thumb/v7e-m+fp/hard/crtbegin.o
 *(.bss*)
 .bss.scount    0x20000020        0xf ./Src/main.o
                0x20000020                scount
 *fill*         0x2000002f        0x1 
 .bss.cState    0x20000030        0x4 ./Src/main.o
                0x20000030                cState
 .bss.pState    0x20000034        0x4 ./Src/main.o
                0x20000034                pState
 .bss.count     0x20000038        0x4 ./Src/switch.o
                0x20000038                count
 .bss.exti0_flag
                0x2000003c        0x4 ./Src/switch.o
                0x2000003c                exti0_flag
 *(COMMON)
                0x20000040                        . = ALIGN (0x4)
                0x20000040                        _ebss = .
                0x20000040                        __bss_end__ = _ebss

._user_heap_stack
                0x20000040      0x600
                0x20000040                        . = ALIGN (0x8)
                [!provide]                        PROVIDE (end = .)
                0x20000040                        PROVIDE (_end = .)
                0x20000240                        . = (. + _Min_Heap_Size)
 *fill*         0x20000040      0x200 
                0x20000640                        . = (. + _Min_Stack_Size)
 *fill*         0x20000240      0x400 
                0x20000640                        . = ALIGN (0x8)

/DISCARD/
 libc.a(*)
 libm.a(*)
 libgcc.a(*)

.ARM.attributes
                0x00000000       0x30
 *(.ARM.attributes)
 .ARM.attributes
                0x00000000       0x22 /opt/st/stm32cubeide_1.15.0/plugins/com.st.stm32cube.ide.mcu.externaltools.gnu-tools-for-stm32.12.3.rel1.linux64_1.0.100.202403111256/tools/bin/../lib/gcc/arm-none-eabi/12.3.1/thumb/v7e-m+fp/hard/crti.o
 .ARM.attributes
                0x00000022       0x34 /opt/st/stm32cubeide_1.15.0/plugins/com.st.stm32cube.ide.mcu.externaltools.gnu-tools-for-stm32.12.3.rel1.linux64_1.0.100.202403111256/tools/bin/../lib/gcc/arm-none-eabi/12.3.1/thumb/v7e-m+fp/hard/crtbegin.o
 .ARM.attributes
                0x00000056       0x34 ./Src/lcd.o
 .ARM.attributes
                0x0000008a       0x34 ./Src/led.o
 .ARM.attributes
                0x000000be       0x34 ./Src/main.o
 .ARM.attributes
                0x000000f2       0x34 ./Src/switch.o
 .ARM.attributes
                0x00000126       0x34 ./Src/system_stm32f4xx.o
 .ARM.attributes
                0x0000015a       0x21 ./Startup/startup_stm32f407vgtx.o
 .ARM.attributes
                0x0000017b       0x34 /opt/st/stm32cubeide_1.15.0/plugins/com.st.stm32cube.ide.mcu.externaltools.gnu-tools-for-stm32.12.3.rel1.linux64_1.0.100.202403111256/tools/bin/../lib/gcc/arm-none-eabi/12.3.1/../../../../arm-none-eabi/lib/thumb/v7e-m+fp/hard/libc_nano.a(libc_a-itoa.o)
 .ARM.attributes
                0x000001af       0x34 /opt/st/stm32cubeide_1.15.0/plugins/com.st.stm32cube.ide.mcu.externaltools.gnu-tools-for-stm32.12.3.rel1.linux64_1.0.100.202403111256/tools/bin/../lib/gcc/arm-none-eabi/12.3.1/../../../../arm-none-eabi/lib/thumb/v7e-m+fp/hard/libc_nano.a(libc_a-utoa.o)
 .ARM.attributes
                0x000001e3       0x34 /opt/st/stm32cubeide_1.15.0/plugins/com.st.stm32cube.ide.mcu.externaltools.gnu-tools-for-stm32.12.3.rel1.linux64_1.0.100.202403111256/tools/bin/../lib/gcc/arm-none-eabi/12.3.1/../../../../arm-none-eabi/lib/thumb/v7e-m+fp/hard/libc_nano.a(libc_a-init.o)
 .ARM.attributes
                0x00000217       0x22 /opt/st/stm32cubeide_1.15.0/plugins/com.st.stm32cube.ide.mcu.externaltools.gnu-tools-for-stm32.12.3.rel1.linux64_1.0.100.202403111256/tools/bin/../lib/gcc/arm-none-eabi/12.3.1/thumb/v7e-m+fp/hard/crtn.o
OUTPUT(day6_assm1.elf elf32-littlearm)
LOAD linker stubs
LOAD /opt/st/stm32cubeide_1.15.0/plugins/com.st.stm32cube.ide.mcu.externaltools.gnu-tools-for-stm32.12.3.rel1.linux64_1.0.100.202403111256/tools/bin/../lib/gcc/arm-none-eabi/12.3.1/../../../../arm-none-eabi/lib/thumb/v7e-m+fp/hard/libc.a
LOAD /opt/st/stm32cubeide_1.15.0/plugins/com.st.stm32cube.ide.mcu.externaltools.gnu-tools-for-stm32.12.3.rel1.linux64_1.0.100.202403111256/tools/bin/../lib/gcc/arm-none-eabi/12.3.1/../../../../arm-none-eabi/lib/thumb/v7e-m+fp/hard/libm.a
LOAD /opt/st/stm32cubeide_1.15.0/plugins/com.st.stm32cube.ide.mcu.externaltools.gnu-tools-for-stm32.12.3.rel1.linux64_1.0.100.202403111256/tools/bin/../lib/gcc/arm-none-eabi/12.3.1/thumb/v7e-m+fp/hard/libgcc.a

.debug_info     0x00000000     0x1a55
 .debug_info    0x00000000      0x5c9 ./Src/lcd.o
 .debug_info    0x000005c9      0x549 ./Src/led.o
 .debug_info    0x00000b12      0x1c5 ./Src/main.o
 .debug_info    0x00000cd7      0x812 ./Src/switch.o
 .debug_info    0x000014e9      0x53c ./Src/system_stm32f4xx.o
 .debug_info    0x00001a25       0x30 ./Startup/startup_stm32f407vgtx.o

.debug_abbrev   0x00000000      0x6e9
 .debug_abbrev  0x00000000      0x168 ./Src/lcd.o
 .debug_abbrev  0x00000168      0x136 ./Src/led.o
 .debug_abbrev  0x0000029e      0x105 ./Src/main.o
 .debug_abbrev  0x000003a3      0x1ca ./Src/switch.o
 .debug_abbrev  0x0000056d      0x158 ./Src/system_stm32f4xx.o
 .debug_abbrev  0x000006c5       0x24 ./Startup/startup_stm32f407vgtx.o

.debug_aranges  0x00000000      0x140
 .debug_aranges
                0x00000000       0x48 ./Src/lcd.o
 .debug_aranges
                0x00000048       0x40 ./Src/led.o
 .debug_aranges
                0x00000088       0x20 ./Src/main.o
 .debug_aranges
                0x000000a8       0x38 ./Src/switch.o
 .debug_aranges
                0x000000e0       0x38 ./Src/system_stm32f4xx.o
 .debug_aranges
                0x00000118       0x28 ./Startup/startup_stm32f407vgtx.o

.debug_rnglists
                0x00000000       0xd7
 .debug_rnglists
                0x00000000       0x32 ./Src/lcd.o
 .debug_rnglists
                0x00000032       0x2c ./Src/led.o
 .debug_rnglists
                0x0000005e       0x14 ./Src/main.o
 .debug_rnglists
                0x00000072       0x26 ./Src/switch.o
 .debug_rnglists
                0x00000098       0x26 ./Src/system_stm32f4xx.o
 .debug_rnglists
                0x000000be       0x19 ./Startup/startup_stm32f407vgtx.o

.debug_macro    0x00000000    0x18398
 .debug_macro   0x00000000       0xdc ./Src/lcd.o
 .debug_macro   0x000000dc       0x2e ./Src/lcd.o
 .debug_macro   0x0000010a       0x2f ./Src/lcd.o
 .debug_macro   0x00000139       0x1c ./Src/lcd.o
 .debug_macro   0x00000155       0x22 ./Src/lcd.o
 .debug_macro   0x00000177       0xd9 ./Src/lcd.o
 .debug_macro   0x00000250     0x102d ./Src/lcd.o
 .debug_macro   0x0000127d      0x11f ./Src/lcd.o
 .debug_macro   0x0000139c       0x11 ./Src/lcd.o
 .debug_macro   0x000013ad    0x15e3c ./Src/lcd.o
 .debug_macro   0x000171e9       0x4a ./Src/lcd.o
 .debug_macro   0x00017233       0xac ./Src/lcd.o
 .debug_macro   0x000172df       0xd6 ./Src/led.o
 .debug_macro   0x000173b5       0x28 ./Src/led.o
 .debug_macro   0x000173dd       0x74 ./Src/led.o
 .debug_macro   0x00017451      0x1d3 ./Src/main.o
 .debug_macro   0x00017624       0x61 ./Src/main.o
 .debug_macro   0x00017685       0x2a ./Src/main.o
 .debug_macro   0x000176af       0x43 ./Src/main.o
 .debug_macro   0x000176f2       0x34 ./Src/main.o
 .debug_macro   0x00017726       0x16 ./Src/main.o
 .debug_macro   0x0001773c       0x9e ./Src/main.o
 .debug_macro   0x000177da      0x369 ./Src/main.o
 .debug_macro   0x00017b43      0x10b ./Src/main.o
 .debug_macro   0x00017c4e       0x10 ./Src/main.o
 .debug_macro   0x00017c5e       0x16 ./Src/main.o
 .debug_macro   0x00017c74       0x43 ./Src/main.o
 .debug_macro   0x00017cb7       0x34 ./Src/main.o
 .debug_macro   0x00017ceb       0x10 ./Src/main.o
 .debug_macro   0x00017cfb       0x58 ./Src/main.o
 .debug_macro   0x00017d53       0x8e ./Src/main.o
 .debug_macro   0x00017de1       0x1c ./Src/main.o
 .debug_macro   0x00017dfd      0x177 ./Src/main.o
 .debug_macro   0x00017f74       0x16 ./Src/main.o
 .debug_macro   0x00017f8a       0x16 ./Src/main.o
 .debug_macro   0x00017fa0      0x146 ./Src/main.o
 .debug_macro   0x000180e6       0x2e ./Src/main.o
 .debug_macro   0x00018114       0x16 ./Src/main.o
 .debug_macro   0x0001812a       0xb2 ./Src/main.o
 .debug_macro   0x000181dc       0xdc ./Src/switch.o
 .debug_macro   0x000182b8       0xe0 ./Src/system_stm32f4xx.o

.debug_line     0x00000000     0x19da
 .debug_line    0x00000000      0x56c ./Src/lcd.o
 .debug_line    0x0000056c      0x4da ./Src/led.o
 .debug_line    0x00000a46      0x585 ./Src/main.o
 .debug_line    0x00000fcb      0x4be ./Src/switch.o
 .debug_line    0x00001489      0x4d6 ./Src/system_stm32f4xx.o
 .debug_line    0x0000195f       0x7b ./Startup/startup_stm32f407vgtx.o

.debug_str      0x00000000    0x8bf9b
 .debug_str     0x00000000    0x87dce ./Src/lcd.o
                              0x87f57 (size before relaxing)
 .debug_str     0x00087dce       0x88 ./Src/led.o
                              0x87dad (size before relaxing)
 .debug_str     0x00087e56     0x3a7f ./Src/main.o
                              0x8b896 (size before relaxing)
 .debug_str     0x0008b8d5      0x599 ./Src/switch.o
                              0x88299 (size before relaxing)
 .debug_str     0x0008be6e       0xee ./Src/system_stm32f4xx.o
                              0x87de5 (size before relaxing)
 .debug_str     0x0008bf5c       0x3f ./Startup/startup_stm32f407vgtx.o
                                 0x7a (size before relaxing)

.comment        0x00000000       0x43
 .comment       0x00000000       0x43 ./Src/lcd.o
                                 0x44 (size before relaxing)
 .comment       0x00000043       0x44 ./Src/led.o
 .comment       0x00000043       0x44 ./Src/main.o
 .comment       0x00000043       0x44 ./Src/switch.o
 .comment       0x00000043       0x44 ./Src/system_stm32f4xx.o

.debug_frame    0x00000000      0x3bc
 .debug_frame   0x00000000       0xe8 ./Src/lcd.o
 .debug_frame   0x000000e8       0xd4 ./Src/led.o
 .debug_frame   0x000001bc       0x2c ./Src/main.o
 .debug_frame   0x000001e8       0xa4 ./Src/switch.o
 .debug_frame   0x0000028c       0x84 ./Src/system_stm32f4xx.o
 .debug_frame   0x00000310       0x38 /opt/st/stm32cubeide_1.15.0/plugins/com.st.stm32cube.ide.mcu.externaltools.gnu-tools-for-stm32.12.3.rel1.linux64_1.0.100.202403111256/tools/bin/../lib/gcc/arm-none-eabi/12.3.1/../../../../arm-none-eabi/lib/thumb/v7e-m+fp/hard/libc_nano.a(libc_a-itoa.o)
 .debug_frame   0x00000348       0x48 /opt/st/stm32cubeide_1.15.0/plugins/com.st.stm32cube.ide.mcu.externaltools.gnu-tools-for-stm32.12.3.rel1.linux64_1.0.100.202403111256/tools/bin/../lib/gcc/arm-none-eabi/12.3.1/../../../../arm-none-eabi/lib/thumb/v7e-m+fp/hard/libc_nano.a(libc_a-utoa.o)
 .debug_frame   0x00000390       0x2c /opt/st/stm32cubeide_1.15.0/plugins/com.st.stm32cube.ide.mcu.externaltools.gnu-tools-for-stm32.12.3.rel1.linux64_1.0.100.202403111256/tools/bin/../lib/gcc/arm-none-eabi/12.3.1/../../../../arm-none-eabi/lib/thumb/v7e-m+fp/hard/libc_nano.a(libc_a-init.o)

.debug_loclists
                0x00000000       0x1f
 .debug_loclists
                0x00000000       0x1f ./Src/system_stm32f4xx.o

.debug_line_str
                0x00000000       0x5e
 .debug_line_str
                0x00000000       0x5e ./Startup/startup_stm32f407vgtx.o
